---
source: src/run_exports.rs
expression: run_exports
---
weak:
  - "libzlib >=1.3.1,<2.0a0"
